
 ╭──────────────╮    ╭──────────────╮    ╭──────────────╮
 │▶ Start       │    │Démarrer      │    │🔒 Commit ou co│
 │              │ ───│auto          │ ───│pause         │
 │              │    │              │    │remote: defer │
 ╰──────────────╯    ╰──────────────╯    ╰──────────────╯


  ╭────────────╮      ╭────────────╮
  │orchestrato…│      │developer   │
  │▶           │      │            │
  ╰────────────╯      ╰────────────╯

                      ╭────────────╮
                      │reviewer    │
                      │ ← developer│
                      ╰────────────╯


─ Indépendants ─────────────────────────────────────────────────────────────────────────────────────

 ╭────────────╮
 │documentari…│
 │            │
